[janusmakes.framer.website/index.html]
[backblue.gif]
[fade.gif]
[index.html]
[framerusercontent.com/images/C44DEO34GnGp9t0RZp21NTv23U.png]
[framerusercontent.com/images/CqLb81reuRAYVYiJJxbBlbc5z5U5d8c.png]
[framerusercontent.com/images/902X9kTJpX87AbAL01iiP5OYcYY02ba.png]
[janusmakes.framer.website/about.html]
[framerusercontent.com/images/jRKRtwnrgOd3QK0YhnEqGS9WeYkaddf.png]
[framerusercontent.com/images/KSzCpMuD8CykaRZac3DVk5Gue1Aaddf.png]
[framerusercontent.com/images/adWCSFHrGoEalrgAZdZgrNlt1Uc1b5.png]
[framerusercontent.com/images/2ofzQZBgYmXXFtA9CrO9PdMWxec67b5.png]
[framerusercontent.com/images/aM7knheEhZYpJh0D11NsfvkKdk3eef.png]
[framerusercontent.com/images/emSjB7c6UQBcakoqTJ2o11fQAjE3834.png]
[framerusercontent.com/images/Rau99B3bkWk5w02tEBtFxbC0YFM67b5.png]
[framerusercontent.com/images/BKqrz4PZHqujPyModurQVzYPM7wcd01.png]
[framerusercontent.com/images/u7srbnn3ZE5QFpZJMQ5Fg5ZyVIcd01.png]
[framerusercontent.com/images/AyRQv9lXuGrQpAAQ3lSmmZomPUUcd01.png]
[framerusercontent.com/images/XZGCxb60H1UriekndZb10najMcd01.png]
[framerusercontent.com/images/eMsmWYnngkB8r7629VEZQqz7wwf3d4.png]
[framerusercontent.com/images/2Nsk8XkPKC8GojcGa9hNH9xL0e0e1.png]
[framerusercontent.com/images/TE0YDXGMjN3MO7hGK2zChE6Gygc1b5.png]
[framerusercontent.com/images/0v3jtNKflewqQFb8xueL6QPBu8waddf.png]
[framerusercontent.com/images/tWUFUislbXDUBmzCXOnDVW05doM67b5.png]
[framerusercontent.com/images/j6WLB8eaRzkRXdye3gKdqUDH4FQ67b5.png]
[framerusercontent.com/images/KeajAzLqk7eXI71swtu0MSdWGse0e1.png]
[framerusercontent.com/images/YfnIxF0FOsCPymlpyLIB4AyWMb938.png]
[framerusercontent.com/images/dEY0EbgoXrmHhxbh8Yl58UP8c5e1.png]
[framerusercontent.com/images/VN7OvygMkoloRyQSvQgER8gJ5U3eef.png]
[framerusercontent.com/images/wLVyBmgjThfSMcLjNoiBS8iu8e0e1.png]
[framerusercontent.com/images/cwWmdhFj1l29scESv4OPl3DZgxUb826.png]
[framerusercontent.com/images/bQn1L3xwNgOnTiC6IXsjdTd9cgf24c.png]
[framerusercontent.com/images/juin6TIMqvwH6HJsbPTM8Cc4mlA8296.png]
[janusmakes.framer.website/index.html]
[janusmakes.framer.website/about.html]
